
> build
> vite build

[90m[[90mnitro:vercel[90m][39m [36mi[39m Using [36mnodejs24.x[39m runtime.
[90m[[90mnitro:vercel[90m][39m [36mi[39m Using [36mweb[39m entry format.
[36mvite v7.3.5 [32mbuilding client environment for production...[36m[39m
transforming...
[32mΓ£ô[39m 1967 modules transformed.
rendering chunks...
computing gzip size...
[2m.vercel/output/static/[22m[32massets/portrait-D954t7gP.jpg              [39m[1m[2m 80.21 kB[22m[1m[22m
[2m.vercel/output/static/[22m[35massets/styles-CLI0sbBb.css                [39m[1m[2m 94.58 kB[22m[1m[22m[2m Γöé gzip:  15.52 kB[22m
[2m.vercel/output/static/[22m[36massets/arrow-left-CZ22eTvN.js             [39m[1m[2m  0.17 kB[22m[1m[22m[2m Γöé gzip:   0.16 kB[22m
[2m.vercel/output/static/[22m[36massets/arrow-right-DM2xjtAT.js            [39m[1m[2m  0.17 kB[22m[1m[22m[2m Γöé gzip:   0.16 kB[22m
[2m.vercel/output/static/[22m[36massets/arrow-up-right-DRkHvU3n.js         [39m[1m[2m  0.17 kB[22m[1m[22m[2m Γöé gzip:   0.16 kB[22m
[2m.vercel/output/static/[22m[36massets/download-CLjn8W9V.js               [39m[1m[2m  0.23 kB[22m[1m[22m[2m Γöé gzip:   0.19 kB[22m
[2m.vercel/output/static/[22m[36massets/globe-m_35gsmh.js                  [39m[1m[2m  0.24 kB[22m[1m[22m[2m Γöé gzip:   0.19 kB[22m
[2m.vercel/output/static/[22m[36massets/map-pin-CyZ-svi0.js                [39m[1m[2m  0.26 kB[22m[1m[22m[2m Γöé gzip:   0.22 kB[22m
[2m.vercel/output/static/[22m[36massets/portrait-BFDPcca5.js               [39m[1m[2m  0.26 kB[22m[1m[22m[2m Γöé gzip:   0.22 kB[22m
[2m.vercel/output/static/[22m[36massets/page-shell-tuUV94qQ.js             [39m[1m[2m  0.62 kB[22m[1m[22m[2m Γöé gzip:   0.35 kB[22m
[2m.vercel/output/static/[22m[36massets/section-heading-DOwonLcg.js        [39m[1m[2m  0.64 kB[22m[1m[22m[2m Γöé gzip:   0.39 kB[22m
[2m.vercel/output/static/[22m[36massets/reveal-DdCiiFKt.js                 [39m[1m[2m  0.66 kB[22m[1m[22m[2m Γöé gzip:   0.43 kB[22m
[2m.vercel/output/static/[22m[36massets/privacy-policy-D-lphz3-.js         [39m[1m[2m  1.05 kB[22m[1m[22m[2m Γöé gzip:   0.55 kB[22m
[2m.vercel/output/static/[22m[36massets/learning-section-a_gJpvYI.js       [39m[1m[2m  2.15 kB[22m[1m[22m[2m Γöé gzip:   1.11 kB[22m
[2m.vercel/output/static/[22m[36massets/blog_._slug-CJO7_dhR.js            [39m[1m[2m  2.36 kB[22m[1m[22m[2m Γöé gzip:   1.08 kB[22m
[2m.vercel/output/static/[22m[36massets/skills-section-C9s3-1SY.js         [39m[1m[2m  2.41 kB[22m[1m[22m[2m Γöé gzip:   1.07 kB[22m
[2m.vercel/output/static/[22m[36massets/opportunities-section-DBNgC65j.js  [39m[1m[2m  2.42 kB[22m[1m[22m[2m Γöé gzip:   1.20 kB[22m
[2m.vercel/output/static/[22m[36massets/index-SuauIami.js                  [39m[1m[2m  2.57 kB[22m[1m[22m[2m Γöé gzip:   1.23 kB[22m
[2m.vercel/output/static/[22m[36massets/photography-section-USVCsZKq.js    [39m[1m[2m  3.06 kB[22m[1m[22m[2m Γöé gzip:   1.43 kB[22m
[2m.vercel/output/static/[22m[36massets/experience-section-uCqd_5-4.js     [39m[1m[2m  3.22 kB[22m[1m[22m[2m Γöé gzip:   1.47 kB[22m
[2m.vercel/output/static/[22m[36massets/photography-V550y_Ty.js            [39m[1m[2m  3.26 kB[22m[1m[22m[2m Γöé gzip:   1.45 kB[22m
[2m.vercel/output/static/[22m[36massets/experience-Ckz9wwms.js             [39m[1m[2m  3.27 kB[22m[1m[22m[2m Γöé gzip:   1.43 kB[22m
[2m.vercel/output/static/[22m[36massets/about-section-NmD6qzr3.js          [39m[1m[2m  3.44 kB[22m[1m[22m[2m Γöé gzip:   1.30 kB[22m
[2m.vercel/output/static/[22m[36massets/services-DRCbeEZ-.js               [39m[1m[2m  3.49 kB[22m[1m[22m[2m Γöé gzip:   1.44 kB[22m
[2m.vercel/output/static/[22m[36massets/projects-section-BmPvcxS_.js       [39m[1m[2m  3.73 kB[22m[1m[22m[2m Γöé gzip:   1.46 kB[22m
[2m.vercel/output/static/[22m[36massets/index-CGYJSdBt.js                  [39m[1m[2m  3.87 kB[22m[1m[22m[2m Γöé gzip:   1.55 kB[22m
[2m.vercel/output/static/[22m[36massets/skills-CvrystW-.js                 [39m[1m[2m  4.23 kB[22m[1m[22m[2m Γöé gzip:   1.84 kB[22m
[2m.vercel/output/static/[22m[36massets/projects_._slug-CvXFz6Gk.js        [39m[1m[2m  6.31 kB[22m[1m[22m[2m Γöé gzip:   1.96 kB[22m
[2m.vercel/output/static/[22m[36massets/contact-jZOQgJga.js                [39m[1m[2m  6.55 kB[22m[1m[22m[2m Γöé gzip:   2.62 kB[22m
[2m.vercel/output/static/[22m[36massets/resume-BjrZmexa.js                 [39m[1m[2m  7.45 kB[22m[1m[22m[2m Γöé gzip:   2.54 kB[22m
[2m.vercel/output/static/[22m[36massets/useQuery-n418t-_u.js               [39m[1m[2m  8.82 kB[22m[1m[22m[2m Γöé gzip:   3.21 kB[22m
[2m.vercel/output/static/[22m[36massets/about-DiVpmaYr.js                  [39m[1m[2m  9.76 kB[22m[1m[22m[2m Γöé gzip:   3.15 kB[22m
[2m.vercel/output/static/[22m[36massets/index-Bed5WPkj.js                  [39m[1m[2m  9.82 kB[22m[1m[22m[2m Γöé gzip:   2.99 kB[22m
[2m.vercel/output/static/[22m[36massets/index-Dsdccs8A.js                  [39m[1m[2m455.66 kB[22m[1m[22m[2m Γöé gzip: 143.24 kB[22m
[32mΓ£ô built in 7.08s[39m
[36mvite v7.3.5 [32mbuilding ssr environment for production...[36m[39m
transforming...
[32mΓ£ô[39m 114 modules transformed.
rendering chunks...
[2mnode_modules/.nitro/vite/services/ssr/[22m[32massets/portrait-D954t7gP.jpg                   [39m[1m[2m80.21 kB[22m[1m[22m
[2mnode_modules/.nitro/vite/services/ssr/[22m[35massets/styles-CLI0sbBb.css                     [39m[1m[2m94.58 kB[22m[1m[22m
[2mnode_modules/.nitro/vite/services/ssr/[22m[36massets/portrait-BFomdpTe.js                    [39m[1m[2m 0.09 kB[22m[1m[22m
[2mnode_modules/.nitro/vite/services/ssr/[22m[36massets/empty-plugin-adapters-BFgPZ6_d.js       [39m[1m[2m 0.13 kB[22m[1m[22m
[2mnode_modules/.nitro/vite/services/ssr/[22m[36massets/page-shell-DHZQKWZj.js                  [39m[1m[2m 0.84 kB[22m[1m[22m
[2mnode_modules/.nitro/vite/services/ssr/[22m[36massets/section-heading-C9VhNV0B.js             [39m[1m[2m 0.90 kB[22m[1m[22m
[2mnode_modules/.nitro/vite/services/ssr/[22m[36massets/reveal-DttH52XM.js                      [39m[1m[2m 1.13 kB[22m[1m[22m
[2mnode_modules/.nitro/vite/services/ssr/[22m[36massets/sanity.server-COrGc2y8.js               [39m[1m[2m 1.35 kB[22m[1m[22m
[2mnode_modules/.nitro/vite/services/ssr/[22m[36massets/privacy-policy-C2Y_y4fJ.js              [39m[1m[2m 1.37 kB[22m[1m[22m
[2mnode_modules/.nitro/vite/services/ssr/[22m[36massets/start-CfM4Tfi7.js                       [39m[1m[2m 1.74 kB[22m[1m[22m
[2mnode_modules/.nitro/vite/services/ssr/[22m[36massets/learning-section-BwYulV5X.js            [39m[1m[2m 2.64 kB[22m[1m[22m
[2mnode_modules/.nitro/vite/services/ssr/[22m[36mindex.js                                       [39m[1m[2m 2.68 kB[22m[1m[22m
[2mnode_modules/.nitro/vite/services/ssr/[22m[36massets/opportunities-section-UAZ_ftOz.js       [39m[1m[2m 3.28 kB[22m[1m[22m
[2mnode_modules/.nitro/vite/services/ssr/[22m[36massets/blog_._slug-DGXAI3wO.js                 [39m[1m[2m 3.76 kB[22m[1m[22m
[2mnode_modules/.nitro/vite/services/ssr/[22m[36massets/index-DmfUFVJx.js                       [39m[1m[2m 3.97 kB[22m[1m[22m
[2mnode_modules/.nitro/vite/services/ssr/[22m[36massets/_tanstack-start-manifest_v-DHAJykIL.js  [39m[1m[2m 4.03 kB[22m[1m[22m
[2mnode_modules/.nitro/vite/services/ssr/[22m[36massets/skills-section-CW_CWsd0.js              [39m[1m[2m 4.11 kB[22m[1m[22m
[2mnode_modules/.nitro/vite/services/ssr/[22m[36massets/photography-section-4ZsVoxSn.js         [39m[1m[2m 4.51 kB[22m[1m[22m
[2mnode_modules/.nitro/vite/services/ssr/[22m[36massets/experience-Dv2RmbMO.js                  [39m[1m[2m 4.59 kB[22m[1m[22m
[2mnode_modules/.nitro/vite/services/ssr/[22m[36massets/photography-Bl_c4zWd.js                 [39m[1m[2m 4.71 kB[22m[1m[22m
[2mnode_modules/.nitro/vite/services/ssr/[22m[36massets/services-kRYvslvz.js                    [39m[1m[2m 4.98 kB[22m[1m[22m
[2mnode_modules/.nitro/vite/services/ssr/[22m[36massets/about-section-B3TILMOy.js               [39m[1m[2m 5.09 kB[22m[1m[22m
[2mnode_modules/.nitro/vite/services/ssr/[22m[36massets/experience-section-3pNh9OgU.js          [39m[1m[2m 5.29 kB[22m[1m[22m
[2mnode_modules/.nitro/vite/services/ssr/[22m[36massets/index-U8WT97CS.js                       [39m[1m[2m 5.51 kB[22m[1m[22m
[2mnode_modules/.nitro/vite/services/ssr/[22m[36massets/skills-CN_mHpCl.js                      [39m[1m[2m 5.67 kB[22m[1m[22m
[2mnode_modules/.nitro/vite/services/ssr/[22m[36massets/projects-section-C7VLUPEi.js            [39m[1m[2m 5.86 kB[22m[1m[22m
[2mnode_modules/.nitro/vite/services/ssr/[22m[36massets/contact-Bbj9_LDo.js                     [39m[1m[2m 9.27 kB[22m[1m[22m
[2mnode_modules/.nitro/vite/services/ssr/[22m[36massets/projects_._slug-peC1cV4D.js             [39m[1m[2m 9.29 kB[22m[1m[22m
[2mnode_modules/.nitro/vite/services/ssr/[22m[36massets/resume-CKIMzv3U.js                      [39m[1m[2m10.85 kB[22m[1m[22m
[2mnode_modules/.nitro/vite/services/ssr/[22m[36massets/index-DIgcsIlc.js                       [39m[1m[2m13.09 kB[22m[1m[22m
[2mnode_modules/.nitro/vite/services/ssr/[22m[36massets/about-CQzCuSkg.js                       [39m[1m[2m13.46 kB[22m[1m[22m
[2mnode_modules/.nitro/vite/services/ssr/[22m[36massets/router-8Sc-kGY-.js                      [39m[1m[2m48.02 kB[22m[1m[22m
[2mnode_modules/.nitro/vite/services/ssr/[22m[36massets/server-RvM7qVcp.js                      [39m[1m[2m65.40 kB[22m[1m[22m
[32mΓ£ô built in 1.55s[39m

[90m[[90mnitro[90m][39m [35mo[39m Building [[35mNitro[39m] [2m(preset: [36mvercel[39m, compatibility: [36m2026-06-20[39m)[22m
[90m[[90mnitro[90m][39m [32mΓêÜ[39m Generated public [36m.vercel/output/static[39m
[36mvite v7.3.5 [32mbuilding nitro environment for production...[36m[39m
transforming...
[32mΓ£ô[39m 2475 modules transformed.
rendering chunks...
[2m.vercel/output/functions/__server.func/[22m[36m_libs/hookable.mjs                       [39m[1m[2m  0.00 kB[22m[1m[22m
[2m.vercel/output/functions/__server.func/[22m[36m_libs/ufo.mjs                            [39m[1m[2m  0.00 kB[22m[1m[22m
[2m.vercel/output/functions/__server.func/[22m[36m_libs/ohash.mjs                          [39m[1m[2m  0.00 kB[22m[1m[22m
[2m.vercel/output/functions/__server.func/[22m[36m_libs/ocache.mjs                         [39m[1m[2m  0.00 kB[22m[1m[22m
[2m.vercel/output/functions/__server.func/[22m[36m_libs/unstorage.mjs                      [39m[1m[2m  0.00 kB[22m[1m[22m
[2m.vercel/output/functions/__server.func/[22m[36m_libs/tanstack__store.mjs                [39m[1m[2m  0.00 kB[22m[1m[22m
[2m.vercel/output/functions/__server.func/[22m[36m_libs/use-sync-external-store.mjs        [39m[1m[2m  0.00 kB[22m[1m[22m
[2m.vercel/output/functions/__server.func/[22m[36m_libs/tanstack__react-store.mjs          [39m[1m[2m  0.02 kB[22m[1m[22m
[2m.vercel/output/functions/__server.func/[22m[36m_ssr/portrait-BFomdpTe.mjs               [39m[1m[2m  0.09 kB[22m[1m[22m
[2m.vercel/output/functions/__server.func/[22m[36m_ssr/empty-plugin-adapters-BFgPZ6_d.mjs  [39m[1m[2m  0.13 kB[22m[1m[22m
[2m.vercel/output/functions/__server.func/[22m[36m_libs/rou3.mjs                           [39m[1m[2m  0.21 kB[22m[1m[22m
[2m.vercel/output/functions/__server.func/[22m[36m_libs/groq.mjs                           [39m[1m[2m  0.21 kB[22m[1m[22m
[2m.vercel/output/functions/__server.func/[22m[36m_libs/util-deprecate.mjs                 [39m[1m[2m  0.23 kB[22m[1m[22m
[2m.vercel/output/functions/__server.func/[22m[36m_libs/clsx.mjs                           [39m[1m[2m  0.51 kB[22m[1m[22m
[2m.vercel/output/functions/__server.func/[22m[36m_chunks/ssr-renderer.mjs                 [39m[1m[2m  0.51 kB[22m[1m[22m
[2m.vercel/output/functions/__server.func/[22m[36m_libs/radix-ui__react-label.mjs          [39m[1m[2m  0.69 kB[22m[1m[22m
[2m.vercel/output/functions/__server.func/[22m[36m_libs/radix-ui__react-primitive.mjs      [39m[1m[2m  0.92 kB[22m[1m[22m
[2m.vercel/output/functions/__server.func/[22m[36m_libs/radix-ui__react-compose-refs.mjs   [39m[1m[2m  0.94 kB[22m[1m[22m
[2m.vercel/output/functions/__server.func/[22m[36m_ssr/page-shell-DHZQKWZj.mjs             [39m[1m[2m  0.96 kB[22m[1m[22m
[2m.vercel/output/functions/__server.func/[22m[36m_ssr/section-heading-C9VhNV0B.mjs        [39m[1m[2m  1.01 kB[22m[1m[22m
[2m.vercel/output/functions/__server.func/[22m[36m_libs/sanity__eventsource.mjs            [39m[1m[2m  1.08 kB[22m[1m[22m
[2m.vercel/output/functions/__server.func/[22m[36m_libs/nanoid.mjs                         [39m[1m[2m  1.15 kB[22m[1m[22m
[2m.vercel/output/functions/__server.func/[22m[36m_ssr/reveal-DttH52XM.mjs                 [39m[1m[2m  1.17 kB[22m[1m[22m
[2m.vercel/output/functions/__server.func/[22m[36m_libs/inherits.mjs                       [39m[1m[2m  1.43 kB[22m[1m[22m
[2m.vercel/output/functions/__server.func/[22m[36m_libs/cookie-es.mjs                      [39m[1m[2m  1.46 kB[22m[1m[22m
[2m.vercel/output/functions/__server.func/[22m[36m_libs/seroval-plugins.mjs                [39m[1m[2m  1.47 kB[22m[1m[22m
[2m.vercel/output/functions/__server.func/[22m[36m_libs/is-retry-allowed.mjs               [39m[1m[2m  1.53 kB[22m[1m[22m
[2m.vercel/output/functions/__server.func/[22m[36m_ssr/privacy-policy-C2Y_y4fJ.mjs         [39m[1m[2m  1.59 kB[22m[1m[22m
[2m.vercel/output/functions/__server.func/[22m[36m_ssr/sanity.server-COrGc2y8.mjs          [39m[1m[2m  1.60 kB[22m[1m[22m
[2m.vercel/output/functions/__server.func/[22m[36m_libs/mimic-response.mjs                 [39m[1m[2m  1.80 kB[22m[1m[22m
[2m.vercel/output/functions/__server.func/[22m[36m_libs/safe-buffer.mjs                    [39m[1m[2m  1.97 kB[22m[1m[22m
[2m.vercel/output/functions/__server.func/[22m[36m_ssr/start-CfM4Tfi7.mjs                  [39m[1m[2m  1.97 kB[22m[1m[22m
[2m.vercel/output/functions/__server.func/[22m[36m_libs/decompress-response.mjs            [39m[1m[2m  2.01 kB[22m[1m[22m
[2m.vercel/output/functions/__server.func/[22m[36m_libs/through2.mjs                       [39m[1m[2m  2.12 kB[22m[1m[22m
[2m.vercel/output/functions/__server.func/[22m[36m_libs/class-variance-authority.mjs       [39m[1m[2m  2.14 kB[22m[1m[22m
[2m.vercel/output/functions/__server.func/[22m[36m_ssr/index.mjs                           [39m[1m[2m  2.68 kB[22m[1m[22m
[2m.vercel/output/functions/__server.func/[22m[36m_libs/isbot.mjs                          [39m[1m[2m  2.78 kB[22m[1m[22m
[2m.vercel/output/functions/__server.func/[22m[36m_ssr/learning-section-BwYulV5X.mjs       [39m[1m[2m  3.30 kB[22m[1m[22m
[2m.vercel/output/functions/__server.func/[22m[36m_ssr/opportunities-section-UAZ_ftOz.mjs  [39m[1m[2m  4.00 kB[22m[1m[22m
[2m.vercel/output/functions/__server.func/[22m[36m_tanstack-start-manifest_v-DHAJykIL.mjs  [39m[1m[2m  4.03 kB[22m[1m[22m
[2m.vercel/output/functions/__server.func/[22m[36m_ssr/blog_._slug-DGXAI3wO.mjs            [39m[1m[2m  4.53 kB[22m[1m[22m
[2m.vercel/output/functions/__server.func/[22m[36m_ssr/index-DmfUFVJx.mjs                  [39m[1m[2m  4.75 kB[22m[1m[22m
[2m.vercel/output/functions/__server.func/[22m[36m_ssr/skills-section-CW_CWsd0.mjs         [39m[1m[2m  4.91 kB[22m[1m[22m
[2m.vercel/output/functions/__server.func/[22m[36m_ssr/experience-Dv2RmbMO.mjs             [39m[1m[2m  5.30 kB[22m[1m[22m
[2m.vercel/output/functions/__server.func/[22m[36m_libs/radix-ui__react-slot.mjs           [39m[1m[2m  5.33 kB[22m[1m[22m
[2m.vercel/output/functions/__server.func/[22m[36m_ssr/photography-section-4ZsVoxSn.mjs    [39m[1m[2m  5.34 kB[22m[1m[22m
[2m.vercel/output/functions/__server.func/[22m[36m_ssr/photography-Bl_c4zWd.mjs            [39m[1m[2m  5.54 kB[22m[1m[22m
[2m.vercel/output/functions/__server.func/[22m[36m_ssr/services-kRYvslvz.mjs               [39m[1m[2m  5.86 kB[22m[1m[22m
[2m.vercel/output/functions/__server.func/[22m[36m_libs/tanstack__history.mjs              [39m[1m[2m  5.99 kB[22m[1m[22m
[2m.vercel/output/functions/__server.func/[22m[36m_libs/tanstack__react-query.mjs          [39m[1m[2m  6.04 kB[22m[1m[22m
[2m.vercel/output/functions/__server.func/[22m[36m_ssr/about-section-B3TILMOy.mjs          [39m[1m[2m  6.09 kB[22m[1m[22m
[2m.vercel/output/functions/__server.func/[22m[36m_ssr/experience-section-3pNh9OgU.mjs     [39m[1m[2m  6.10 kB[22m[1m[22m
[2m.vercel/output/functions/__server.func/[22m[36m_ssr/index-U8WT97CS.mjs                  [39m[1m[2m  6.44 kB[22m[1m[22m
[2m.vercel/output/functions/__server.func/[22m[36m_ssr/skills-CN_mHpCl.mjs                 [39m[1m[2m  6.52 kB[22m[1m[22m
[2m.vercel/output/functions/__server.func/[22m[36m_ssr/projects-section-C7VLUPEi.mjs       [39m[1m[2m  6.81 kB[22m[1m[22m
[2m.vercel/output/functions/__server.func/[22m[36mindex.mjs                                [39m[1m[2m  7.34 kB[22m[1m[22m
[2m.vercel/output/functions/__server.func/[22m[36m_libs/tunnel-agent.mjs                   [39m[1m[2m  7.98 kB[22m[1m[22m
[2m.vercel/output/functions/__server.func/[22m[36m_libs/srvx.mjs                           [39m[1m[2m  8.77 kB[22m[1m[22m
[2m.vercel/output/functions/__server.func/[22m[36m_libs/h3-v2.mjs                          [39m[1m[2m  9.98 kB[22m[1m[22m
[2m.vercel/output/functions/__server.func/[22m[36m_ssr/contact-Bbj9_LDo.mjs                [39m[1m[2m 10.52 kB[22m[1m[22m
[2m.vercel/output/functions/__server.func/[22m[36m_ssr/projects_._slug-peC1cV4D.mjs        [39m[1m[2m 10.73 kB[22m[1m[22m
[2m.vercel/output/functions/__server.func/[22m[36m_libs/lucide-react.mjs                   [39m[1m[2m 10.76 kB[22m[1m[22m
[2m.vercel/output/functions/__server.func/[22m[36m_ssr/resume-CKIMzv3U.mjs                 [39m[1m[2m 12.40 kB[22m[1m[22m
[2m.vercel/output/functions/__server.func/[22m[36m_libs/eventsource.mjs                    [39m[1m[2m 12.95 kB[22m[1m[22m
[2m.vercel/output/functions/__server.func/[22m[36m_libs/h3.mjs                             [39m[1m[2m 14.32 kB[22m[1m[22m
[2m.vercel/output/functions/__server.func/[22m[36m_libs/sanity__image-url.mjs              [39m[1m[2m 14.51 kB[22m[1m[22m
[2m.vercel/output/functions/__server.func/[22m[36m_ssr/index-DIgcsIlc.mjs                  [39m[1m[2m 14.68 kB[22m[1m[22m
[2m.vercel/output/functions/__server.func/[22m[36m_ssr/about-CQzCuSkg.mjs                  [39m[1m[2m 15.25 kB[22m[1m[22m
[2m.vercel/output/functions/__server.func/[22m[36m_libs/react.mjs                          [39m[1m[2m 20.14 kB[22m[1m[22m
[2m.vercel/output/functions/__server.func/[22m[36m_libs/tanstack__react-router.mjs         [39m[1m[2m 42.51 kB[22m[1m[22m
[2m.vercel/output/functions/__server.func/[22m[36m_libs/get-it.mjs                         [39m[1m[2m 47.41 kB[22m[1m[22m
[2m.vercel/output/functions/__server.func/[22m[36m_libs/seroval.mjs                        [39m[1m[2m 48.40 kB[22m[1m[22m
[2m.vercel/output/functions/__server.func/[22m[36m_ssr/router-8Sc-kGY-.mjs                 [39m[1m[2m 50.75 kB[22m[1m[22m
[2m.vercel/output/functions/__server.func/[22m[36m_libs/sonner.mjs                         [39m[1m[2m 56.10 kB[22m[1m[22m
[2m.vercel/output/functions/__server.func/[22m[36m_ssr/server-RvM7qVcp.mjs                 [39m[1m[2m 64.97 kB[22m[1m[22m
[2m.vercel/output/functions/__server.func/[22m[36m_libs/tanstack__query-core.mjs           [39m[1m[2m 71.33 kB[22m[1m[22m
[2m.vercel/output/functions/__server.func/[22m[36m_libs/readable-stream.mjs                [39m[1m[2m 79.78 kB[22m[1m[22m
[2m.vercel/output/functions/__server.func/[22m[36m_libs/tailwind-merge.mjs                 [39m[1m[2m 99.21 kB[22m[1m[22m
[2m.vercel/output/functions/__server.func/[22m[36m_libs/sanity__client.mjs                 [39m[1m[2m138.85 kB[22m[1m[22m
[2m.vercel/output/functions/__server.func/[22m[36m_libs/tanstack__router-core.mjs          [39m[1m[2m171.54 kB[22m[1m[22m
[2m.vercel/output/functions/__server.func/[22m[36m_libs/rxjs.mjs                           [39m[1m[2m382.56 kB[22m[1m[22m
[2m.vercel/output/functions/__server.func/[22m[36m_libs/react-dom.mjs                      [39m[1m[33m509.15 kB[39m[22m
[32mΓ£ô built in 8.78s[39m
[36mi[39m Generated [36m.vercel/output/nitro.json[39m

[90m[[90mnitro[90m][39m [32mΓêÜ[39m You can preview this build using [36mnpx vite preview[39m
[90m[[90mnitro[90m][39m [32mΓêÜ[39m You can deploy this build using [36mnpx nitro deploy --prebuilt[39m
